ERROR:root:error 024
CRITICAL:root:critical 444
